// Jest Snapshot v1, https://goo.gl/fbAQLP

exports[`CruiseLineCardDetail component matches the snapshot 1`] = `null`;
